Scaling Factor: 43 bits
Auxiliary Prime Size: 50 bits
Level Budget: 3 2 
Multiplicative Depth: 20
CKKS scheme ring dimension: 65536
log2(Q) = 904 log2(P) = 350 log2(QP) = 1254
Bootstrapping parameters: zN = 128, zSlots = 512

Arith ct DecryptResult: 
  Value[0]: 0xdeadbeaf
  Value[1]: 0xdeadbeb0
  Value[2]: 0xdeadbeb1
  Value[3]: 0xdeadbeb2
  ... (total 512 slots)
  logMaxNoise: -26.9285
Bool ct DecryptResult: 
  Value[0]: 0xdeadbeaf
  Value[1]: 0xdeadbeb0
  Value[2]: 0xdeadbeb1
  Value[3]: 0xdeadbeb2
  ... (total 512 slots)
  logMaxNoise: -22.8599

MultFull Current Noise -22.9104, Difference: 4.01808
Finished Warmup for MultFull 5.27806 s
Time for MultFull : 0.0946762 s

BooleanOR Current Noise -22.2001, Difference: 4.7284
Finished Warmup for BooleanOR 0.445666 s
Time for BooleanOR : 0.196405 s

B2A Current Noise -23.6657, Difference: 3.26273
Finished Warmup for B2A 20.4037 s
Time for B2A : 4.13279 s

B2B Current Noise -20.2032, Difference: 2.65675
Finished Warmup for B2B 58.5729 s
Time for B2B : 5.77472 s

A2AI Current Noise -26.8873, Difference: 0.392661
Finished Warmup for A2AI 44.7033 s
Time for A2AI : 7.68615 s

A2Ae Current Noise -24.422, Difference: 2.85793
Finished Warmup for A2Ae 31.8805 s
Time for A2Ae : 7.6963 s

A2A Current Noise -24.6207, Difference: 2.65932
Finished Warmup for A2A 20.4893 s
Time for A2A : 15.369 s

B-A2B-0 Current Noise -20.9659, Difference: 5.96256
B-A2B-1 Current Noise -21.117, Difference: 6.163
Finished Warmup for B-A2B 381.98 s
Time for B-A2B : 305.022 s

A2B Current Noise -19.5473, Difference: 7.73264
Finished Warmup for A2B 163.583 s
Time for A2B : 175.76 s

