Scaling Factor: 43 bits
Auxiliary Prime Size: 50 bits
Level Budget: 3 2 
Multiplicative Depth: 20
CKKS scheme ring dimension: 1024
log2(Q) = 904 log2(P) = 350 log2(QP) = 1254
Bootstrapping parameters: zN = 64, zSlots = 16

Arith ct DecryptResult: 
  Value[0]: 0xdeadbeaf
  Value[1]: 0xdeadbeb0
  Value[2]: 0xdeadbeb1
  Value[3]: 0xdeadbeb2
  ... (total 16 slots)
  logMaxNoise: -32.4055
  level: 0
  Scaling factor log2: 43
Arith ct2 DecryptResult: 
  Value[0]: 0xf0f0f0ff
  Value[1]: 0xf0f0f100
  Value[2]: 0xf0f0f101
  Value[3]: 0xf0f0f102
  ... (total 16 slots)
  logMaxNoise: -33
  level: 0
  Scaling factor log2: 43
Bool ct3 DecryptResult: 
  Value[0]: 0xdeadbeaf
  Value[1]: 0xdeadbeb0
  Value[2]: 0xdeadbeb1
  Value[3]: 0xdeadbeb2
  ... (total 16 slots)
  logMaxNoise: -29
  level: 0
  Scaling factor log2: 43
Bool ct4 DecryptResult: 
  Value[0]: 0xf0f0f0ff
  Value[1]: 0xf0f0f100
  Value[2]: 0xf0f0f101
  Value[3]: 0xf0f0f102
  ... (total 16 slots)
  logMaxNoise: -30
  level: 0
  Scaling factor log2: 43

Add DecryptResult: 
  Value[0]: 0x01cf9eafae
  Value[1]: 0x01cf9eafb0
  Value[2]: 0x01cf9eafb2
  Value[3]: 0x01cf9eafb4
  ... (total 16 slots)
  logMaxNoise: -32
  level: 0
  Scaling factor log2: 43
Add Current Noise -32, Difference: -0.00041

Sub DecryptResult: 
  Value[0]: 0x12433250
  Value[1]: 0x12433250
  Value[2]: 0x12433250
  Value[3]: 0x12433250
  ... (total 16 slots)
  logMaxNoise: -32
  level: 0
  Scaling factor log2: 43
Sub Current Noise -32, Difference: 0.83

MultFull DecryptResult: 
  Value[0]: 0xc1b1cca2ca8e3ba1
  Value[1]: 0xc1b1cca487e9b900
  Value[2]: 0xc1b1cca645453661
  Value[3]: 0xc1b1cca802a0b3c4
  ... (total 16 slots)
  logMaxNoise: -29
  logMaxI: 4
  level: 2
  Scaling factor log2: 43
MultFull Current Noise -29, Difference: 3.1

MultShort DecryptResult: 
  Value[0]: 0x029c093c0d
  Value[1]: 0x037ab6fac0
  Value[2]: 0x045964b975
  Value[3]: 0x053812782c
  ... (total 16 slots)
  logMaxNoise: -32
  logMaxI: 1.6
  level: 1
  Scaling factor log2: 43
MultShort Current Noise -32, Difference: 0.46

BooleanAND DecryptResult: 
  Value[0]: 0xd0a0b0af
  Value[1]: 0xd0a0b000
  Value[2]: 0xd0a0b001
  Value[3]: 0xd0a0b002
  ... (total 16 slots)
  logMaxNoise: -29
  level: 1
  Scaling factor log2: 43
BooleanAND Current Noise -29, Difference: 3.1

BooleanAND pt DecryptResult: 
  Value[0]: 0xaf
  Value[1]: 0xb0
  Value[2]: 0xb1
  Value[3]: 0xb2
  ... (total 16 slots)
  logMaxNoise: -29
  level: 1
  Scaling factor log2: 43
BooleanAND pt Current Noise -29, Difference: 3.3

zSlot Rotate Right DecryptResult: 
  Value[0]: 0xdeadbeb0
  Value[1]: 0xdeadbeb1
  Value[2]: 0xdeadbeb2
  Value[3]: 0xdeadbeb3
  ... (total 16 slots)
  logMaxNoise: -33
  level: 0
  Scaling factor log2: 43
zSlot Rotate Right Current Noise -33, Difference: -3.5

zSlot Rotate Left DecryptResult: 
  Value[0]: 0xdeadbebe
  Value[1]: 0xdeadbeaf
  Value[2]: 0xdeadbeb0
  Value[3]: 0xdeadbeb1
  ... (total 16 slots)
  logMaxNoise: -33
  level: 0
  Scaling factor log2: 43
zSlot Rotate Left Current Noise -33, Difference: -3.7

ShiftLeft DecryptResult: 
  Value[0]: 0xdeadbeaf00
  Value[1]: 0xdeadbeb000
  Value[2]: 0xdeadbeb100
  Value[3]: 0xdeadbeb200
  ... (total 16 slots)
  logMaxNoise: -28
  level: 1
  Scaling factor log2: 43
ShiftLeft Current Noise -28, Difference: 0.74

ShiftRight DecryptResult: 
  Value[0]: 0xdeadbe
  Value[1]: 0xdeadbe
  Value[2]: 0xdeadbe
  Value[3]: 0xdeadbe
  ... (total 16 slots)
  logMaxNoise: -29
  level: 1
  Scaling factor log2: 43
ShiftRight Current Noise -29, Difference: 0.24

RotateRight DecryptResult: 
  Value[0]: 0xaf00000000deadbe
  Value[1]: 0xb000000000deadbe
  Value[2]: 0xb100000000deadbe
  Value[3]: 0xb200000000deadbe
  ... (total 16 slots)
  logMaxNoise: -29
  level: 1
  Scaling factor log2: 43
RotateRight Current Noise -29, Difference: 0.24

Compare DecryptResult: 
  Value[0]: 0x01
  Value[1]: 0x00
  Value[2]: 0x01
  Value[3]: 0x00
  ... (total 16 slots)
  logMaxNoise: -25
  level: 17
  Scaling factor log2: 43
Compare Current Noise -25, Difference: 7.7

B2A Current Noise -30, Difference: 2.4

B2B Current Noise -24, Difference: 5.2

A2A Current Noise -28, Difference: 5.1

B-A2B-0 Current Noise -25, Difference: 7.1
B-A2B-1 Current Noise -25, Difference: 8.3
B-A2B-0 DecryptResult: 
  Value[0]: 0xdeadbeaf
  Value[1]: 0xdeadbeb0
  Value[2]: 0xdeadbeb1
  Value[3]: 0xdeadbeb2
  ... (total 16 slots)
  logMaxNoise: -25
  level: 17
  Scaling factor log2: 43

A2B Current Noise -23, Difference: 9.5
A2B DecryptResult: 
  Value[0]: 0xf0f0f0ff
  Value[1]: 0xf0f0f100
  Value[2]: 0xf0f0f101
  Value[3]: 0xf0f0f102
  ... (total 16 slots)
  logMaxNoise: -23
  level: 16
  Scaling factor log2: 43

